<html>
<body>
<pre>
<h1>µVision Build Log</h1>
<h2>Project:</h2>
C:\Users\khand\Documents\FYDE\FYDE\TM4C Stuff\InputCapture_4C123\InputCapture.uvproj
Project File Date:  02/17/2018

<h2>Output:</h2>
Rebuild target 'InputCapture'
assembling startup.s...
compiling InputCapture.c...
compiling InputCaptureTestMain.c...
linking...
Program Size: Code=1276 RO-data=32 RW-data=8 ZI-data=1024  
".\InputCapture.axf" - 0 Error(s), 0 Warning(s).
Load "C:\\Users\\khand\\Documents\\FYDE\\FYDE\\TM4C Stuff\\InputCapture_4C123\\InputCapture.axf" 
Connecting: Mode=JTAG, Speed=1000000Hz
Erase Done.
Programming Done.
Verify OK.
utCapture_4C123\\InputCapture.axf" 
Connecting: Mode=JTAG, Speed=1000000Hz
Erase Done.
Programming Done.
Verify OK.
Load "C:\\Users\\khand\\Documents\\FYDE\\FYDE\\TM4C Stuff\\InputCapture_4C123\\InputCapture.axf" 
Connecting: Mode=JTAG, Speed=1000000Hz
Erase Done.
Programming Done.
Verify OK.
