<html>
<body>
<pre>
<h1>µVision Build Log</h1>
<h2>Project:</h2>
C:\Users\lynch\Documents\ValvanoWareTM4C123\InputCapture_4C123\InputCapture.uvproj
Project File Date:  04/04/2017

<h2>Output:</h2>
Rebuild target 'InputCapture'
assembling startup.s...
compiling InputCapture.c...
compiling InputCaptureTestMain.c...
InputCaptureTestMain.c(46): warning:  #167-D: argument of type "void (*)(int)" is incompatible with parameter of type "void (*)(void)"
    TimerCapture_Init(&UserTask);    // initialize timer0A in capture mode
InputCaptureTestMain.c: 1 warning, 0 errors
linking...
Program Size: Code=1056 RO-data=32 RW-data=4 ZI-data=1028  
".\InputCapture.axf" - 0 Error(s), 1 Warning(s).
</pre>
</body>
</html>
